// Jest Snapshot v1, https://goo.gl/fbAQLP

exports[`createMailSender should call sendMail 1`] = `
Object {
  "subject": "Sign Up",
  "text": "Welcome to the WNDRL community!

We have created a new account for you.

Here's your sign in link. It will instantly sign you into WNDLR.com - no password necessary:

foo/passwordless-auth?email=1234&token=asdf

Note: this sign in link will expire after 15 minutes. If you need a new sign in link, go to foo/signin

See you soon!

- The WNDLR Team",
  "to": "Foo",
}
`;

exports[`createMailSender should call sendMail 2`] = `
Object {
  "subject": "Sign In",
  "text": "Here's your sign in link. It will instantly sign you into WNDLR.com - no password necessary:

foo/passwordless-auth?guid=1234&token=asdf

Note: this sign in link will expire after 15 minutes. If you need a new sign in link, go to foo/sign-in

See you soon!

- The WNDLR Team",
  "to": "Foo",
}
`;
